Release 14.2 - xst P.28xd (nt64)
Copyright (c) 1995-2012 Xilinx, Inc.  All rights reserved.
--> Parameter TMPDIR set to xst/projnav.tmp


Total REAL time to Xst completion: 0.00 secs
Total CPU time to Xst completion: 0.11 secs
 
--> Parameter xsthdpdir set to xst


Total REAL time to Xst completion: 0.00 secs
Total CPU time to Xst completion: 0.11 secs
 
--> Reading design: subbyteShiftRow.prj

TABLE OF CONTENTS
  1) Synthesis Options Summary
  2) HDL Compilation
  3) Design Hierarchy Analysis
  4) HDL Analysis
  5) HDL Synthesis
     5.1) HDL Synthesis Report
  6) Advanced HDL Synthesis
     6.1) Advanced HDL Synthesis Report
  7) Low Level Synthesis
  8) Partition Report
  9) Final Report
	9.1) Device utilization summary
	9.2) Partition Resource Summary
	9.3) TIMING REPORT


=========================================================================
*                      Synthesis Options Summary                        *
=========================================================================
---- Source Parameters
Input File Name                    : "subbyteShiftRow.prj"
Input Format                       : mixed
Ignore Synthesis Constraint File   : NO

---- Target Parameters
Output File Name                   : "subbyteShiftRow"
Output Format                      : NGC
Target Device                      : xc3s500e-4-fg320

---- Source Options
Top Module Name                    : subbyteShiftRow
Automatic FSM Extraction           : YES
FSM Encoding Algorithm             : Auto
Safe Implementation                : No
FSM Style                          : LUT
RAM Extraction                     : Yes
RAM Style                          : Auto
ROM Extraction                     : Yes
Mux Style                          : Auto
Decoder Extraction                 : YES
Priority Encoder Extraction        : Yes
Shift Register Extraction          : YES
Logical Shifter Extraction         : YES
XOR Collapsing                     : YES
ROM Style                          : Auto
Mux Extraction                     : Yes
Resource Sharing                   : YES
Asynchronous To Synchronous        : NO
Multiplier Style                   : Auto
Automatic Register Balancing       : No

---- Target Options
Add IO Buffers                     : YES
Global Maximum Fanout              : 100000
Add Generic Clock Buffer(BUFG)     : 24
Register Duplication               : YES
Slice Packing                      : YES
Optimize Instantiated Primitives   : NO
Use Clock Enable                   : Yes
Use Synchronous Set                : Yes
Use Synchronous Reset              : Yes
Pack IO Registers into IOBs        : Auto
Equivalent register Removal        : YES

---- General Options
Optimization Goal                  : Speed
Optimization Effort                : 1
Keep Hierarchy                     : No
Netlist Hierarchy                  : As_Optimized
RTL Output                         : Yes
Global Optimization                : AllClockNets
Read Cores                         : YES
Write Timing Constraints           : NO
Cross Clock Analysis               : NO
Hierarchy Separator                : /
Bus Delimiter                      : <>
Case Specifier                     : Maintain
Slice Utilization Ratio            : 100
BRAM Utilization Ratio             : 100
Verilog 2001                       : YES
Auto BRAM Packing                  : NO
Slice Utilization Ratio Delta      : 5

=========================================================================


=========================================================================
*                          HDL Compilation                              *
=========================================================================
Compiling verilog file "subbyte.v" in library work
Compiling verilog file "shiftRow.v" in library work
Module <subbyte> compiled
Compiling verilog file "subbyteShiftRow.v" in library work
Module <shiftRow> compiled
Module <subbyteShiftRow> compiled
No errors in compilation
Analysis of file <"subbyteShiftRow.prj"> succeeded.
 

=========================================================================
*                     Design Hierarchy Analysis                         *
=========================================================================
Analyzing hierarchy for module <subbyteShiftRow> in library <work>.

Analyzing hierarchy for module <subbyte> in library <work>.

Analyzing hierarchy for module <shiftRow> in library <work>.


=========================================================================
*                            HDL Analysis                               *
=========================================================================
Analyzing top module <subbyteShiftRow>.
Module <subbyteShiftRow> is correct for synthesis.
 
Analyzing module <subbyte> in library <work>.
Module <subbyte> is correct for synthesis.
 
Analyzing module <shiftRow> in library <work>.
Module <shiftRow> is correct for synthesis.
 

=========================================================================
*                           HDL Synthesis                               *
=========================================================================

Performing bidirectional port resolution...

Synthesizing Unit <subbyte>.
    Related source file is "subbyte.v".
    Found 256x8-bit ROM for signal <out>.
    Summary:
	inferred   1 ROM(s).
Unit <subbyte> synthesized.


Synthesizing Unit <shiftRow>.
    Related source file is "shiftRow.v".
Unit <shiftRow> synthesized.


Synthesizing Unit <subbyteShiftRow>.
    Related source file is "subbyteShiftRow.v".
Unit <subbyteShiftRow> synthesized.


=========================================================================
HDL Synthesis Report

Macro Statistics
# ROMs                                                 : 16
 256x8-bit ROM                                         : 16

=========================================================================

=========================================================================
*                       Advanced HDL Synthesis                          *
=========================================================================


=========================================================================
Advanced HDL Synthesis Report

Macro Statistics
# ROMs                                                 : 16
 256x8-bit ROM                                         : 16

=========================================================================

=========================================================================
*                         Low Level Synthesis                           *
=========================================================================

Optimizing unit <subbyteShiftRow> ...

Mapping all equations...
Building and optimizing final netlist ...
Found area constraint ratio of 100 (+ 5) on block subbyteShiftRow, actual ratio is 21.

Final Macro Processing ...

=========================================================================
Final Register Report

Found no macro
=========================================================================

=========================================================================
*                           Partition Report                            *
=========================================================================

Partition Implementation Status
-------------------------------

  No Partitions were found in this design.

-------------------------------

=========================================================================
*                            Final Report                               *
=========================================================================
Final Results
RTL Top Level Output File Name     : subbyteShiftRow.ngr
Top Level Output File Name         : subbyteShiftRow
Output Format                      : NGC
Optimization Goal                  : Speed
Keep Hierarchy                     : No

Design Statistics
# IOs                              : 256

Cell Usage :
# BELS                             : 3968
#      LUT2                        : 1
#      LUT3                        : 5
#      LUT4                        : 2042
#      MUXF5                       : 1024
#      MUXF6                       : 512
#      MUXF7                       : 256
#      MUXF8                       : 128
# IO Buffers                       : 256
#      IBUF                        : 128
#      OBUF                        : 128
=========================================================================

Device utilization summary:
---------------------------

Selected Device : 3s500efg320-4 

 Number of Slices:                     1024  out of   4656    21%  
 Number of 4 input LUTs:               2048  out of   9312    21%  
 Number of IOs:                         256
 Number of bonded IOBs:                 256  out of    232   110% (*) 

WARNING:Xst:1336 -  (*) More than 100% of Device resources are used

---------------------------
Partition Resource Summary:
---------------------------

  No Partitions were found in this design.

---------------------------


=========================================================================
TIMING REPORT

NOTE: THESE TIMING NUMBERS ARE ONLY A SYNTHESIS ESTIMATE.
      FOR ACCURATE TIMING INFORMATION PLEASE REFER TO THE TRACE REPORT
      GENERATED AFTER PLACE-and-ROUTE.

Clock Information:
------------------
No clock signals found in this design

Asynchronous Control Signals Information:
----------------------------------------
No asynchronous control signals found in this design

Timing Summary:
---------------
Speed Grade: -4

   Minimum period: No path found
   Minimum input arrival time before clock: No path found
   Maximum output required time after clock: No path found
   Maximum combinational path delay: 8.966ns

Timing Detail:
--------------
All values displayed in nanoseconds (ns)

=========================================================================
Timing constraint: Default path analysis
  Total number of paths / destination ports: 10105 / 128
-------------------------------------------------------------------------
Delay:               8.966ns (Levels of Logic = 7)
  Source:            in<122> (PAD)
  Destination:       out<127> (PAD)

  Data Path: in<122> to out<127>
                                Gate     Net
    Cell:in->out      fanout   Delay   Delay  Logical Name (Net Name)
    ----------------------------------------  ------------
     IBUF:I->O           128   1.218   1.468  in_122_IBUF (in_122_IBUF)
     LUT4:I0->O            1   0.704   0.000  s0/Mrom_out1 (s0/Mrom_out)
     MUXF5:I1->O           1   0.321   0.000  s0/Mrom_out_f5 (s0/Mrom_out_f5)
     MUXF6:I1->O           1   0.521   0.000  s0/Mrom_out_f6 (s0/Mrom_out_f6)
     MUXF7:I1->O           1   0.521   0.000  s0/Mrom_out_f7 (s0/Mrom_out_f7)
     MUXF8:I1->O           1   0.521   0.420  s0/Mrom_out_f8 (temp<120>)
     OBUF:I->O                 3.272          out_120_OBUF (out<120>)
    ----------------------------------------
    Total                      8.966ns (7.078ns logic, 1.888ns route)
                                       (78.9% logic, 21.1% route)

=========================================================================


Total REAL time to Xst completion: 18.00 secs
Total CPU time to Xst completion: 18.08 secs
 
--> 

Total memory usage is 274316 kilobytes

Number of errors   :    0 (   0 filtered)
Number of warnings :    1 (   0 filtered)
Number of infos    :    0 (   0 filtered)

